ns-hyd@nshyd-H110M-S2:~/Downloads/shravan/Git/nightwatch$ ls
geckodriver.log  nightwatch.conf.js  node_modules  package.json  package-lock.json  tests  tests_output
ns-hyd@nshyd-H110M-S2:~/Downloads/shravan/Git/nightwatch$ git init
Initialized empty Git repository in /home/ns-hyd/Downloads/shravan/Git/nightwatch/.git/
ns-hyd@nshyd-H110M-S2:~/Downloads/shravan/Git/nightwatch$ ls
geckodriver.log  nightwatch.conf.js  node_modules  package.json  package-lock.json  tests  tests_output
ns-hyd@nshyd-H110M-S2:~/Downloads/shravan/Git/nightwatch$ cd .git/
ns-hyd@nshyd-H110M-S2:~/Downloads/shravan/Git/nightwatch/.git$ ls
branches  config  description  HEAD  hooks  info  objects  refs
ns-hyd@nshyd-H110M-S2:~/Downloads/shravan/Git/nightwatch/.git$ cd ..
ns-hyd@nshyd-H110M-S2:~/Downloads/shravan/Git/nightwatch$ ls
geckodriver.log  nightwatch.conf.js  node_modules  package.json  package-lock.json  tests  tests_output
ns-hyd@nshyd-H110M-S2:~/Downloads/shravan/Git/nightwatch$ echo "# Nightwatch" >> README.md
ns-hyd@nshyd-H110M-S2:~/Downloads/shravan/Git/nightwatch$ git add .

ns-hyd@nshyd-H110M-S2:~/Downloads/shravan/Git/nightwatch$ git commit -m "first commit"

ns-hyd@nshyd-H110M-S2:~/Downloads/shravan/Git/nightwatch$ git remote add origin https://github.com/ShravanRajirkam/Nightwatch.git

ns-hyd@nshyd-H110M-S2:~/Downloads/shravan/Git/nightwatch$ git push -u origin master
Username for 'https://github.com': ShravanRajirkam
Password for 'https://ShravanRajirkam@github.com': 
Counting objects: 5141, done.
Delta compression using up to 4 threads.
Compressing objects: 100% (4902/4902), done.
Writing objects: 100% (5141/5141), 19.19 MiB | 751.00 KiB/s, done.
Total 5141 (delta 836), reused 0 (delta 0)
remote: Resolving deltas: 100% (836/836), done.
To https://github.com/ShravanRajirkam/Nightwatch.git
 * [new branch]      master -> master
Branch 'master' set up to track remote branch 'master' from 'origin'.



ns-hyd@nshyd-H110M-S2:~/Downloads/shravan/Git/nightwatch$ git status
On branch master
Your branch is up to date with 'origin/master'.

Changes not staged for commit:
  (use "git add <file>..." to update what will be committed)
  (use "git checkout -- <file>..." to discard changes in working directory)

        modified:   notes.txt

no changes added to commit (use "git add" and/or "git commit -a")



ns-hyd@nshyd-H110M-S2:~/Downloads/shravan/Git/nightwatch$ touch vendors.txt
ns-hyd@nshyd-H110M-S2:~/Downloads/shravan/Git/nightwatch$ git status
On branch master
Your branch is up to date with 'origin/master'.

Changes not staged for commit:
  (use "git add <file>..." to update what will be committed)
  (use "git checkout -- <file>..." to discard changes in working directory)

        modified:   notes.txt

Untracked files:
  (use "git add <file>..." to include in what will be committed)

        vendors.txt

no changes added to commit (use "git add" and/or "git commit -a")


ns-hyd@nshyd-H110M-S2:~/Downloads/shravan/Git/nightwatch$ git status
On branch master
Your branch is up to date with 'origin/master'.

Changes to be committed:
  (use "git reset HEAD <file>..." to unstage)

        new file:   vendors.txt

Changes not staged for commit:
  (use "git add <file>..." to update what will be committed)
  (use "git checkout -- <file>..." to discard changes in working directory)

        modified:   notes.txt


ns-hyd@nshyd-H110M-S2:~/Downloads/shravan/Git/nightwatch$ git status
On branch master
Your branch is up to date with 'origin/master'.

Changes to be committed:
  (use "git reset HEAD <file>..." to unstage)

        new file:   vendors.txt

Changes not staged for commit:
  (use "git add <file>..." to update what will be committed)
  (use "git checkout -- <file>..." to discard changes in working directory)

        modified:   notes.txt
        modified:   vendors.txt


ns-hyd@nshyd-H110M-S2:~/Downloads/shravan/Git/nightwatch$ git add notes.txt 
ns-hyd@nshyd-H110M-S2:~/Downloads/shravan/Git/nightwatch$ git add vendors.txt 
ns-hyd@nshyd-H110M-S2:~/Downloads/shravan/Git/nightwatch$ git status 
On branch master
Your branch is up to date with 'origin/master'.

Changes to be committed:
  (use "git reset HEAD <file>..." to unstage)

        modified:   notes.txt
        new file:   vendors.txt


ns-hyd@nshyd-H110M-S2:~/Downloads/shravan/Git/nightwatch$ git status --short
MM notes.txt
A  vendors.txt
ns-hyd@nshyd-H110M-S2:~/Downloads/shravan/Git/nightwatch$ git add notes.txt 
ns-hyd@nshyd-H110M-S2:~/Downloads/shravan/Git/nightwatch$ git status --short
M  notes.txt
A  vendors.txt
ns-hyd@nshyd-H110M-S2:~/Downloads/shravan/Git/nightwatch$ git diff --staged
diff --git a/notes.txt b/notes.txt
index fbf85f1..614ae7d 100644
--- a/notes.txt
+++ b/notes.txt
@@ -13,5 +13,104 @@ geckodriver.log  nightwatch.conf.js  node_modules  package.json  package-lock.js
 ns-hyd@nshyd-H110M-S2:~/Downloads/shravan/Git/nightwatch$ echo "# Nightwatch" >> README.md
 ns-hyd@nshyd-H110M-S2:~/Downloads/shravan/Git/nightwatch$ git add .
 
+ns-hyd@nshyd-H110M-S2:~/Downloads/shravan/Git/nightwatch$ git commit -m "first commit"
 
+ns-hyd@nshyd-H110M-S2:~/Downloads/shravan/Git/nightwatch$ git remote add origin https://github.com/ShravanRajirkam/Nightwatch.git
 
+ns-hyd@nshyd-H110M-S2:~/Downloads/shravan/Git/nightwatch$ git push -u origin master
+Username for 'https://github.com': ShravanRajirkam
+Password for 'https://ShravanRajirkam@github.com': 
+Counting objects: 5141, done.
+Delta compression using up to 4 threads.
+Compressing objects: 100% (4902/4902), done.
+Writing objects: 100% (5141/5141), 19.19 MiB | 751.00 KiB/s, done.
+Total 5141 (delta 836), reused 0 (delta 0)
+remote: Resolving deltas: 100% (836/836), done.
+To https://github.com/ShravanRajirkam/Nightwatch.git
+ * [new branch]      master -> master
+Branch 'master' set up to track remote branch 'master' from 'origin'.
+
+
:


ns-hyd@nshyd-H110M-S2:~/Downloads/shravan/Git/nightwatch$ git diff --staged --no-renames
it is similar to above command


ns-hyd@nshyd-H110M-S2:~/Downloads/shravan/Git/nightwatch$ git diff
diff --git a/notes.txt b/notes.txt
index 614ae7d..a2ed5ca 100644
--- a/notes.txt
+++ b/notes.txt
@@ -111,6 +111,42 @@ Changes to be committed:
         new file:   vendors.txt
 
 
ns-hyd@nshyd-H110M-S2:~/Downloads/shravan/Git/nightwatch$ nano notes.txt 

